// Jest Snapshot v1, https://goo.gl/fbAQLP

exports[`functions should be calculate acotch 1`] = `Infinity`;

exports[`functions should be calculate acsch 1`] = `0.8813735870195429`;

exports[`functions should be calculate asech 1`] = `0`;

exports[`functions should be calculate concat 1`] = `
Float64Array [
  1,
  2,
  3,
  4,
  5,
  6,
]
`;

exports[`functions should be calculate copySign 1`] = `1`;

exports[`functions should be calculate copySign 2`] = `1`;

exports[`functions should be calculate copySign 3`] = `-1`;

exports[`functions should be calculate copySign 4`] = `-1`;

exports[`functions should be calculate csch 1`] = `0.8509181282393216`;

exports[`functions should be calculate log10 1`] = `2`;

exports[`functions should be calculate sech 1`] = `0.6480542736638855`;

exports[`functions should be calculate wrapAngle 1`] = `1`;

exports[`functions should be calculate wrapAngle 2`] = `-1.2831853071795862`;

exports[`functions should be calculate wrapAngle 3`] = `-5`;
